Diagnose log at 2026-07-14T17:17:19Z

AppPath: C:\Program Files\Git\mingw64\bin\git-credential-manager.exe
InstallDir: C:\Program Files\Git\mingw64\bin\
Version: 2.4.1

------------
Diagnostic: Environment
Skipped: False
Success: True
Exception: None
Log:
OSType: Windows
OSVersion: 10.0 (build 26200)
Reading environment variables... OK
 Variables:
HOMEPATH=\Users\HUAWEI
DriverData=C:\Windows\System32\Drivers\DriverData
COMPUTERNAME=LAPTOP-KDSQD1QL
GIT_TRACE2_PARENT_SID=d5cc3503-505c-4e91-9a68-796092f197de
CommonProgramFiles(x86)=C:\Program Files (x86)\Common Files
OneDrive=C:\Users\HUAWEI\OneDrive
PyCharm=C:\Program Files\JetBrains\PyCharm 2023.3.2\bin;
LANG=en_US.UTF-8
TMP=C:\Users\HUAWEI\AppData\Local\Temp
HOME=C:\Users\HUAWEI
PROCESSOR_REVISION=8c01
PATHEXT=.COM;.EXE;.BAT;.CMD;.VBS;.VBE;.JS;.JSE;.WSF;.WSH;.MSC;.PY;.PYW;.CPL
GIT_ASKPASS=c:\Users\HUAWEI\AppData\Roaming\Code\User\globalStorage\vscode.git\askpass\70789581cae28aa7\askpass.sh
GIT_EXEC_PATH=C:/Program Files/Git/mingw64/libexec/git-core
TEMP=C:\Users\HUAWEI\AppData\Local\Temp
LOCALAPPDATA=C:\Users\HUAWEI\AppData\Local
MSYSTEM=MINGW64
TERM=xterm-256color
ProgramW6432=C:\Program Files
USERDOMAIN=LAPTOP-KDSQD1QL
ProgramFiles(x86)=C:\Program Files (x86)
Path=C:/Program Files/Git/mingw64/libexec/git-core;C:\Program Files\Git\mingw64\bin;C:\Program Files\Git\usr\bin;C:\Users\HUAWEI\bin;C:\Program Files\Python314\Scripts\;C:\Program Files\Python314\;C:\Windows\System32\HWAudioDriverLibs;C:\Windows\system32;C:\Windows;C:\Windows\System32\Wbem;C:\Windows\System32\WindowsPowerShell\v1.0\;C:\Windows\System32\OpenSSH\;C:\Users\Administrator\AppData\Local\Microsoft\WindowsApps;C:\Program Files\Git\cmd;C:\Program Files\nodejs\;C:\WINDOWS\system32;C:\WINDOWS;C:\WINDOWS\System32\Wbem;C:\WINDOWS\System32\WindowsPowerShell\v1.0\;C:\WINDOWS\System32\OpenSSH\;C:\MinGW\bin;C:\Program Files\MySQL\MySQL Shell 8.0\bin\;C:\Users\HUAWEI\AppData\Local\Programs\Python\Python312\Scripts\;C:\Users\HUAWEI\AppData\Local\Programs\Python\Python312\;C:\Users\HUAWEI\AppData\Local\Microsoft\WindowsApps;;C:\Users\HUAWEI\AppData\Local\Programs\Microsoft VS Code\bin;C:\Program Files\JetBrains\PyCharm 2023.3.2\bin;;C:\Users\HUAWEI\AppData\Roaming\npm
TERM_PROGRAM=vscode
PROCESSOR_LEVEL=6
PROCESSOR_IDENTIFIER=Intel64 Family 6 Model 140 Stepping 1, GenuineIntel
TMPDIR=C:\Users\HUAWEI\AppData\Local\Temp
VSCODE_GIT_ASKPASS_EXTRA_ARGS=
TERM_PROGRAM_VERSION=1.127.0
VSCODE_GIT_ASKPASS_MAIN=c:\Users\HUAWEI\AppData\Roaming\Code\User\globalStorage\vscode.git\askpass\70789581cae28aa7\askpass-main.js
PSModulePath=C:\Users\HUAWEI\OneDrive\Documents\WindowsPowerShell\Modules;C:\Program Files\WindowsPowerShell\Modules;C:\WINDOWS\system32\WindowsPowerShell\v1.0\Modules
PUBLIC=C:\Users\Public
NUMBER_OF_PROCESSORS=4
FPS_BROWSER_USER_PROFILE_STRING=Default
CommonProgramFiles=C:\Program Files (x86)\Common Files
VSCODE_INJECTION=1
VSCODE_NONCE=ad4b5a14-fa43-46f7-bf8f-f503c7c3aa65
VSCODE_GIT_IPC_HANDLE=\\.\pipe\vscode-git-757539a9b2-sock
CHROME_CRASHPAD_PIPE_NAME=\\.\pipe\crashpad_968_JBYLRJBFVTZIVMEV
PLINK_PROTOCOL=ssh
ProgramData=C:\ProgramData
MSYS=disable_pcon
ProgramFiles=C:\Program Files (x86)
EFC_14936_1592913036=1
VSCODE_GIT_ASKPASS_NODE=C:\Users\HUAWEI\AppData\Local\Programs\Microsoft VS Code\Code.exe
SystemRoot=C:\WINDOWS
SESSIONNAME=Console
VSCODE_STABLE=1
CommonProgramW6432=C:\Program Files\Common Files
ZES_ENABLE_SYSMAN=1
LOGONSERVER=\\LAPTOP-KDSQD1QL
USERPROFILE=C:\Users\HUAWEI
COLORTERM=truecolor
USERDOMAIN_ROAMINGPROFILE=LAPTOP-KDSQD1QL
APPDATA=C:\Users\HUAWEI\AppData\Roaming
HOMEDRIVE=C:
OneDriveConsumer=C:\Users\HUAWEI\OneDrive
VSCODE_A11Y_MODE=0
USERNAME=HUAWEI
PROCESSOR_ARCHITEW6432=AMD64
FPS_BROWSER_APP_PROFILE_STRING=Internet Explorer
PROCESSOR_ARCHITECTURE=x86
OS=Windows_NT
ComSpec=C:\WINDOWS\system32\cmd.exe
SystemDrive=C:
windir=C:\WINDOWS
EFC_14936_4126798990=1
ALLUSERSPROFILE=C:\ProgramData


------------
Diagnostic: File system
Skipped: False
Success: True
Exception: None
Log:
Temporary directory is 'C:\Users\HUAWEI\AppData\Local\Temp\'...
Checking basic file I/O...
Writing to temporary file 'C:\Users\HUAWEI\AppData\Local\Temp\628d4edeaed8f2ce554435bb'... OK
Reading from temporary file 'C:\Users\HUAWEI\AppData\Local\Temp\628d4edeaed8f2ce554435bb'... OK
Deleting temporary file 'C:\Users\HUAWEI\AppData\Local\Temp\628d4edeaed8f2ce554435bb'... OK
Testing IFileSystem instance...
UserHomePath: C:\Users\HUAWEI
UserDataDirectoryPath: C:\Users\HUAWEI\.gcm
GetCurrentDirectory(): C:\project 1\first python\Smart Blood DE

------------
Diagnostic: Networking
Skipped: False
Success: True
Exception: None
Log:
Checking networking and HTTP stack...
Creating HTTP client... OK
IsNetworkAvailable: True
Sending HEAD request to http://example.com...Sending HEAD request to https://example.com... OK
 OK
Acquiring free TCP port... OK
Testing local HTTP loopback connections...
Creating new HTTP listener for http://localhost:24720/... OK
Waiting for loopback connection... OK
Writing response... OK
Waiting for response data... OK
Loopback connection data OK

------------
Diagnostic: Git
Skipped: False
Success: True
Exception: None
Log:
Getting Git version... OK
Git version is '2.43.0.windows.1'
Locating current repository... OK
Git repository at 'C:/project 1/first python/Smart Blood DE/.git'
Listing all Git configuration... OK
Git configuration:
file:C:/Program Files/Git/etc/gitconfig	diff.astextplain.textconv=astextplain
file:C:/Program Files/Git/etc/gitconfig	filter.lfs.clean=git-lfs clean -- %f
file:C:/Program Files/Git/etc/gitconfig	filter.lfs.smudge=git-lfs smudge -- %f
file:C:/Program Files/Git/etc/gitconfig	filter.lfs.process=git-lfs filter-process
file:C:/Program Files/Git/etc/gitconfig	filter.lfs.required=true
file:C:/Program Files/Git/etc/gitconfig	http.sslbackend=openssl
file:C:/Program Files/Git/etc/gitconfig	http.sslcainfo=C:/Program Files/Git/mingw64/etc/ssl/certs/ca-bundle.crt
file:C:/Program Files/Git/etc/gitconfig	core.autocrlf=true
file:C:/Program Files/Git/etc/gitconfig	core.fscache=true
file:C:/Program Files/Git/etc/gitconfig	core.symlinks=false
file:C:/Program Files/Git/etc/gitconfig	pull.rebase=false
file:C:/Program Files/Git/etc/gitconfig	credential.helper=manager
file:C:/Program Files/Git/etc/gitconfig	credential.https://dev.azure.com.usehttppath=true
file:C:/Program Files/Git/etc/gitconfig	init.defaultbranch=master
file:C:/Users/HUAWEI/.gitconfig	user.email=ahmmednakibantor@gmail.com
file:C:/Users/HUAWEI/.gitconfig	user.name=AhmmedNakib
file:.git/config	core.repositoryformatversion=0
file:.git/config	core.filemode=false
file:.git/config	core.bare=false
file:.git/config	core.logallrefupdates=true
file:.git/config	core.symlinks=false
file:.git/config	core.ignorecase=true
file:.git/config	remote.origin.url=https://github.com/AhmedNakib/Smart-Blood-Donation-Emergency-Request-System-1.git
file:.git/config	remote.origin.fetch=+refs/heads/*:refs/remotes/origin/*


------------
Diagnostic: Credential storage
Skipped: False
Success: True
Exception: None
Log:
ICredentialStore instance is of type: CredentialStore
Writing test credential... OK
Reading test credential... OK
Deleting test credential... OK

------------
Diagnostic: Microsoft authentication (AAD/MSA)
Skipped: False
Success: True
Exception: None
Log:
Broker is not enabled.
Flow type is: Auto
Gathering MSAL token cache data... OK
CacheDirectory: C:\Users\HUAWEI\AppData\Local\.IdentityService
CacheFileName: msal.cache
CacheFilePath: C:\Users\HUAWEI\AppData\Local\.IdentityService\msal.cache
Creating cache helper... OK
Verifying MSAL token cache persistence... OK

------------
Diagnostic: GitHub API
Skipped: False
Success: True
Exception: None
Log:
Using 'https://github.com/' as API target.
Querying '/meta' endpoint... OK

